
Map of Debug\discover.sm8 from link file Debug\discover.lkf - Thu Mar 06 12:54:33 2014


                               --------
                               Segments
                               --------

start 00008080 end 00008091 length    17 segment .const
start 00008094 end 00009eca length  7734 segment .text
start 00001000 end 00001000 length     0 segment .eeprom
start 00001000 end 00001000 length     0 segment .dataeeprom
start 00000000 end 00000000 length     0 segment .bsct
start 00000000 end 0000000c length    12 segment .ubsct
start 0000000c end 0000000c length     0 segment .bit
start 0000000c end 0000000c length     0 segment .share
start 00000100 end 00000100 length     0 segment .data
start 00000100 end 00000100 length     0 segment .bss
start 00000100 end 00000100 length     0 segment .LPRUN
start 00000100 end 00000100 length     0 segment .DISPLAY
start 00000000 end 00000df7 length  3575 segment .info.
start 00000000 end 0000bea9 length 48809 segment .debug
start 00008000 end 00008080 length   128 segment .const
start 00008091 end 00008094 length     3 segment .init


                               -------
                               Modules
                               -------

C:\Program Files (x86)\COSMIC\CXSTM8_32K\lib\crtsi0.sm8:
start 00008094 end 000080e4 length    80 section .text
start 00000100 end 00000100 length     0 section .bss
start 00000000 end 00000000 length     0 section .ubsct
start 00000000 end 0000002f length    47 section .info.

Debug\stm8l15x_adc.o:
start 000080e4 end 000082fa length   534 section .text
start 00000000 end 00001f3a length  7994 section .debug
start 0000002f end 000000c9 length   154 section .info.

Debug\stm8l15x_clk.o:
start 000082fa end 00008657 length   861 section .text
start 00001f3a end 00003919 length  6623 section .debug
start 000000c9 end 00000163 length   154 section .info.
start 00008080 end 00008085 length     5 section .const

Debug\stm8l15x_exti.o:
start 00008657 end 0000897a length   803 section .text
start 00003919 end 00004477 length  2910 section .debug
start 00000163 end 000001fe length   155 section .info.

Debug\stm8l15x_flash.o:
start ******** end ******** length     0 section .text *** removed ***
start 00004477 end 00005362 length  3819 section .debug
start 000001fe end 0000029a length   156 section .info.

Debug\stm8l15x_gpio.o:
start 0000897a end 00008a46 length   204 section .text
start 00005362 end 00005ea3 length  2881 section .debug
start 0000029a end 00000335 length   155 section .info.

Debug\stm8l15x_i2c.o:
start 00008a46 end 00008f12 length  1228 section .text
start 00005ea3 end 000082f1 length  9294 section .debug
start 00000335 end 000003cf length   154 section .info.
start 00008085 end 00008091 length    12 section .const

Debug\stm8l15x_lcd.o:
start ******** end ******** length     0 section .text *** removed ***
start 000082f1 end 00009af8 length  6151 section .debug
start 000003cf end 00000469 length   154 section .info.

Debug\stm8l15x_pwr.o:
start ******** end ******** length     0 section .text *** removed ***
start 00009af8 end 0000a190 length  1688 section .debug
start 00000469 end 00000503 length   154 section .info.

Debug\vcc_measure.o:
start ******** end ******** length     0 section .text *** removed ***
start 0000a190 end 0000a300 length   368 section .debug
start 00000503 end 0000059c length   153 section .info.

Debug\delay.o:
start 00008f12 end 00008fd1 length   191 section .text
start 0000a300 end 0000a488 length   392 section .debug
start 0000059c end 0000062f length   147 section .info.

Debug\i2c_m24lr04e-r.o:
start 00008fd1 end 0000998b length  2490 section .text
start 0000a488 end 0000ac7f length  2039 section .debug
start 0000062f end 000006cb length   156 section .info.

Debug\i2c_stts751.o:
start ******** end ******** length     0 section .text *** removed ***
start 0000ac7f end 0000af80 length   769 section .debug
start 000006cb end 00000764 length   153 section .info.

Debug\main.o:
start 0000998b end 00009bc0 length   565 section .text
start 00000000 end 00000002 length     2 section .ubsct
start 0000af80 end 0000b37b length  1019 section .debug
start 00000764 end 000007f6 length   146 section .info.

Debug\misc.o:
start ******** end ******** length     0 section .text *** removed ***
start 0000b37b end 0000b494 length   281 section .debug
start 000007f6 end 00000888 length   146 section .info.
start ******** end ******** length     0 section .const *** removed ***

Debug\stm8l15x_it.o:
start 00009bc0 end 00009c22 length    98 section .text
start 0000b494 end 0000bd83 length  2287 section .debug
start 00000888 end 00000921 length   153 section .info.

(C:\Program Files (x86)\COSMIC\CXSTM8_32K\lib\libm0.sm8)cmulx.o:
start ******** end ******** length     0 section .text *** removed ***
start 00000921 end 00000950 length    47 section .info.

(C:\Program Files (x86)\COSMIC\CXSTM8_32K\lib\libm0.sm8)ladd.o:
start ******** end ******** length     0 section .text *** removed ***
start 00000950 end 0000097e length    46 section .info.

(C:\Program Files (x86)\COSMIC\CXSTM8_32K\lib\libm0.sm8)lcmp.o:
start 00009c22 end 00009c42 length    32 section .text
start 0000097e end 000009ac length    46 section .info.

(C:\Program Files (x86)\COSMIC\CXSTM8_32K\lib\libm0.sm8)lgadd.o:
start ******** end ******** length     0 section .text *** removed ***
start 000009ac end 000009db length    47 section .info.

(C:\Program Files (x86)\COSMIC\CXSTM8_32K\lib\libm0.sm8)lgsbc.o:
start 00009c42 end 00009c58 length    22 section .text
start 000009db end 00000a0a length    47 section .info.

(C:\Program Files (x86)\COSMIC\CXSTM8_32K\lib\libm0.sm8)lmul.o:
start 00009c58 end 00009ce3 length   139 section .text
start 00000a0a end 00000a38 length    46 section .info.

(C:\Program Files (x86)\COSMIC\CXSTM8_32K\lib\libm0.sm8)lreg.o:
start 00000002 end 00000006 length     4 section .ubsct
start 00000a38 end 00000a66 length    46 section .info.

(C:\Program Files (x86)\COSMIC\CXSTM8_32K\lib\libm0.sm8)lrzmp.o:
start 00009ce3 end 00009cf7 length    20 section .text
start 00000a66 end 00000a95 length    47 section .info.

(C:\Program Files (x86)\COSMIC\CXSTM8_32K\lib\libm0.sm8)ltor.o:
start 00009cf7 end 00009d09 length    18 section .text
start 00000a95 end 00000ac3 length    46 section .info.

(C:\Program Files (x86)\COSMIC\CXSTM8_32K\lib\libm0.sm8)ludiv.o:
start 00009d09 end 00009d1d length    20 section .text
start 00000ac3 end 00000af2 length    47 section .info.

(C:\Program Files (x86)\COSMIC\CXSTM8_32K\lib\libm0.sm8)ldiv.o:
start 00009d1d end 00009e08 length   235 section .text
start 00000af2 end 00000b20 length    46 section .info.

(C:\Program Files (x86)\COSMIC\CXSTM8_32K\lib\libm0.sm8)lgneg.o:
start 00009e08 end 00009e1b length    19 section .text
start 00000b20 end 00000b4f length    47 section .info.

(C:\Program Files (x86)\COSMIC\CXSTM8_32K\lib\libm0.sm8)lneg.o:
start 00009e1b end 00009e30 length    21 section .text
start 00000b4f end 00000b7d length    46 section .info.

(C:\Program Files (x86)\COSMIC\CXSTM8_32K\lib\libm0.sm8)lumod.o:
start ******** end ******** length     0 section .text *** removed ***
start 00000b7d end 00000bac length    47 section .info.

(C:\Program Files (x86)\COSMIC\CXSTM8_32K\lib\libm0.sm8)lzmp.o:
start 00009e30 end 00009e43 length    19 section .text
start 00000bac end 00000bda length    46 section .info.

(C:\Program Files (x86)\COSMIC\CXSTM8_32K\lib\libm0.sm8)rtol.o:
start 00009e43 end 00009e55 length    18 section .text
start 00000bda end 00000c08 length    46 section .info.

(C:\Program Files (x86)\COSMIC\CXSTM8_32K\lib\libm0.sm8)sdivx.o:
start 00009e55 end 00009e80 length    43 section .text
start 00000c08 end 00000c37 length    47 section .info.

(C:\Program Files (x86)\COSMIC\CXSTM8_32K\lib\libm0.sm8)smul.o:
start 00009e80 end 00009ebf length    63 section .text
start 00000c37 end 00000c65 length    46 section .info.

(C:\Program Files (x86)\COSMIC\CXSTM8_32K\lib\libm0.sm8)utol.o:
start 00009ebf end 00009eca length    11 section .text
start 00000c65 end 00000c93 length    46 section .info.

(C:\Program Files (x86)\COSMIC\CXSTM8_32K\lib\libm0.sm8)utolx.o:
start ******** end ******** length     0 section .text *** removed ***
start 00000c93 end 00000cc2 length    47 section .info.

(C:\Program Files (x86)\COSMIC\CXSTM8_32K\lib\libm0.sm8)xreg.o:
start 00000006 end 00000009 length     3 section .ubsct
start 00000cc2 end 00000cf0 length    46 section .info.

(C:\Program Files (x86)\COSMIC\CXSTM8_32K\lib\libm0.sm8)yreg.o:
start 00000009 end 0000000c length     3 section .ubsct
start 00000cf0 end 00000d1e length    46 section .info.

Debug\stm8_interrupt_vector.o:
start 0000bd83 end 0000bea9 length   294 section .debug
start 00000d1e end 00000dc1 length   163 section .info.
start 00008000 end 00008080 length   128 section .const


                             -----------
                             Stack usage
                             -----------

Debug\delay.o:
_delayLFO_ms                         >   13   (4)
_delay_10us                               9   (4)
_delay_ms                                 9   (4)

Debug\i2c_m24lr04e-r.o:
L3_M24LR04E_LowLevel_DeInit               8   (2)
L5_M24LR04E_LowLevel_Init                 7   (2)
_M24LR04E_DeInit                         10   (2)
_M24LR04E_GetStatus                  >   18   (6)
_M24LR04E_Init                           53   (2)
_M24LR04E_ReadBuffer                 >   24   (12)
_M24LR04E_ReadConfReg                >   15   (3)
_M24LR04E_ReadOneByte                >   23   (11)
_M24LR04E_ReadReg                    >   17   (5)
_M24LR04E_ReadTemp                   >   16   (4)
_M24LR04E_WriteBuffer                >   25   (13)
_M24LR04E_WriteConfReg               >   15   (3)
_M24LR04E_WriteOneByte                   22   (10)
_M24LR04E_WriteReg                   >   17   (5)

Debug\main.o:
_deInitClock                              7   (2)
_deInitGPIO                               8   (2)
_initAnalogControls                       8   (2)
_initDigitalControls                      8   (2)
_initMemory                              59   (2)
_main                                >   61   (2)
_readControlData                         63   (4)
_sampleADC                               12   (3)
_writeControlData                        59   (2)
_writeEEPROMByte                         57   (4)

Debug\stm8l15x_adc.o:
_ADC_AnalogWatchdogChannelSelect     >    5   (5)
_ADC_AnalogWatchdogConfig            >    9   (9)
_ADC_AnalogWatchdogThresholdsConfig  >    8   (8)
_ADC_ChannelCmd                           8   (8)
_ADC_ClearFlag                       >    5   (5)
_ADC_ClearITPendingBit               >    7   (7)
_ADC_Cmd                                  5   (5)
_ADC_DMACmd                          >    5   (5)
_ADC_DeInit                               2   (2)
_ADC_ExternalTrigConfig              >    6   (6)
_ADC_GetConversionValue                   6   (6)
_ADC_GetFlagStatus                        6   (6)
_ADC_GetITStatus                     >    8   (8)
_ADC_ITConfig                        >    6   (6)
_ADC_Init                                 7   (7)
_ADC_SamplingTimeConfig                   6   (6)
_ADC_SchmittTriggerConfig            >    8   (8)
_ADC_SoftwareStartConv                    2   (2)
_ADC_TempSensorCmd                   >    2   (2)
_ADC_VrefintCmd                           2   (2)

Debug\stm8l15x_clk.o:
_CLK_AdjustHSICalibrationValue       >    2   (2)
_CLK_BEEPClockConfig                 >    2   (2)
_CLK_CCOConfig                       >    4   (4)
_CLK_ClearFlag                       >    2   (2)
_CLK_ClearITPendingBit               >    2   (2)
_CLK_ClockSecuritySystemEnable       >    2   (2)
_CLK_ClockSecuritySytemDeglitchCmd   >    2   (2)
_CLK_DeInit                          >    2   (2)
_CLK_GetClockFreq                        25   (11)
_CLK_GetFlagStatus                   >    5   (5)
_CLK_GetITStatus                     >    4   (4)
_CLK_GetSYSCLKSource                 >    2   (2)
_CLK_HSEConfig                       >    2   (2)
_CLK_HSICmd                               2   (2)
_CLK_HaltConfig                      >    4   (4)
_CLK_ITConfig                        >    4   (4)
_CLK_LSEClockSecuritySystemEnable    >    2   (2)
_CLK_LSEConfig                       >    2   (2)
_CLK_LSICmd                          >    2   (2)
_CLK_MainRegulatorCmd                >    2   (2)
_CLK_PeripheralClockConfig                5   (5)
_CLK_RTCCLKSwitchOnLSEFailureEnable  >    2   (2)
_CLK_RTCClockConfig                  >    4   (4)
_CLK_SYSCLKDivConfig                      2   (2)
_CLK_SYSCLKSourceConfig                   2   (2)
_CLK_SYSCLKSourceSwitchCmd                2   (2)

Debug\stm8l15x_exti.o:
_EXTI_ClearITPendingBit                   6   (6)
_EXTI_DeInit                         >    2   (2)
_EXTI_GetITStatus                    >    5   (5)
_EXTI_GetPinSensitivity              >    3   (3)
_EXTI_GetPortSensitivity             >    4   (4)
_EXTI_SelectPort                     >    3   (3)
_EXTI_SetHalfPortSelection           >    4   (4)
_EXTI_SetPinSensitivity                   4   (4)
_EXTI_SetPortSensitivity             >    4   (4)

Debug\stm8l15x_gpio.o:
_GPIO_DeInit                         >    2   (2)
_GPIO_ExternalPullUpConfig           >    6   (6)
_GPIO_Init                                6   (6)
_GPIO_ReadInputData                  >    2   (2)
_GPIO_ReadInputDataBit                    5   (5)
_GPIO_ReadOutputData                 >    2   (2)
_GPIO_ReadOutputDataBit              >    5   (5)
_GPIO_ResetBits                      >    5   (5)
_GPIO_SetBits                        >    5   (5)
_GPIO_ToggleBits                     >    5   (5)
_GPIO_Write                          >    5   (5)
_GPIO_WriteBit                       >    6   (6)

Debug\stm8l15x_i2c.o:
_I2C_ARPCmd                          >    5   (5)
_I2C_AckPositionConfig               >    5   (5)
_I2C_AcknowledgeConfig                    5   (5)
_I2C_CalculatePEC                    >    5   (5)
_I2C_CheckEvent                          12   (12)
_I2C_ClearFlag                            8   (8)
_I2C_ClearITPendingBit               >    8   (8)
_I2C_Cmd                                  5   (5)
_I2C_DMACmd                          >    5   (5)
_I2C_DMALastTransferCmd              >    5   (5)
_I2C_DeInit                               2   (2)
_I2C_DualAddressCmd                  >    5   (5)
_I2C_FastModeDutyCycleConfig         >    5   (5)
_I2C_GeneralCallCmd                  >    5   (5)
_I2C_GenerateSTART                        5   (5)
_I2C_GenerateSTOP                         5   (5)
_I2C_GetFlagStatus                        8   (8)
_I2C_GetITStatus                     >   10   (10)
_I2C_GetLastEvent                    >   10   (10)
_I2C_GetPEC                          >    2   (2)
_I2C_ITConfig                        >    7   (7)
_I2C_Init                                51   (26)
_I2C_OwnAddress2Config               >    6   (6)
_I2C_PECPositionConfig               >    5   (5)
_I2C_ReadRegister                    >    9   (9)
_I2C_ReceiveData                          2   (2)
_I2C_SMBusAlertConfig                >    5   (5)
_I2C_Send7bitAddress                      6   (6)
_I2C_SendData                             5   (5)
_I2C_SoftwareResetCmd                >    5   (5)
_I2C_StretchClockCmd                 >    5   (5)
_I2C_TransmitPEC                     >    5   (5)

Debug\stm8l15x_it.o:
f_ADC1_COMP_IRQHandler               >    6   (6)
f_DMA1_CHANNEL0_1_IRQHandler         >    6   (6)
f_DMA1_CHANNEL2_3_IRQHandler         >    6   (6)
f_EXTI0_IRQHandler                   >   75   (12)
f_EXTI1_IRQHandler                   >    6   (6)
f_EXTI2_IRQHandler                   >    6   (6)
f_EXTI3_IRQHandler                   >    6   (6)
f_EXTI4_IRQHandler                   >    6   (6)
f_EXTI5_IRQHandler                   >    6   (6)
f_EXTI6_IRQHandler                   >    6   (6)
f_EXTI7_IRQHandler                   >    6   (6)
f_EXTIB_IRQHandler                   >    6   (6)
f_EXTID_IRQHandler                   >    6   (6)
f_EXTIE_F_PVD_IRQHandler             >    6   (6)
f_FLASH_IRQHandler                   >    6   (6)
f_I2C1_IRQHandler                    >    6   (6)
f_LCD_IRQHandler                     >    6   (6)
f_NonHandledInterrupt                >    6   (6)
f_RTC_IRQHandler                     >    6   (6)
f_SPI1_IRQHandler                    >    6   (6)
f_SWITCH_CSS_BREAK_DAC_IRQHandler    >    6   (6)
f_TIM1_CAP_IRQHandler                >    6   (6)
f_TIM1_UPD_OVF_TRG_COM_IRQHandler    >    6   (6)
f_TIM2_CAP_IRQHandler                >    6   (6)
f_TIM2_UPD_OVF_TRG_BRK_IRQHandler    >    6   (6)
f_TIM3_CAP_IRQHandler                >    6   (6)
f_TIM3_UPD_OVF_TRG_BRK_IRQHandler    >    6   (6)
f_TIM4_UPD_OVF_TRG_IRQHandler        >    6   (6)
f_TRAP_IRQHandler                    >    6   (6)
f_USART1_RX_IRQHandler               >    6   (6)
f_USART1_TX_IRQHandler               >    6   (6)

Stack size: 136


                              ---------
                              Call tree
                              ---------
   1 > _ADC_AnalogWatchdogChannelSelect: (5)

   2 > _ADC_AnalogWatchdogConfig: (9)

   3 > _ADC_AnalogWatchdogThresholdsConfig: (8)

   4 > _ADC_ClearFlag: (5)

   5 > _ADC_ClearITPendingBit: (7)

   6 > _ADC_DMACmd: (5)

   7 > _ADC_ExternalTrigConfig: (6)

   8 > _ADC_GetITStatus: (8)

   9 > _ADC_ITConfig: (6)

  10 > _ADC_SchmittTriggerConfig: (8)

  11 > _ADC_TempSensorCmd: (2)

  12 > _CLK_AdjustHSICalibrationValue: (2)

  13 > _CLK_BEEPClockConfig: (2)

  14 > _CLK_CCOConfig: (4)

  15 > _CLK_ClearFlag: (2)

  16 > _CLK_ClearITPendingBit: (2)

  17 > _CLK_ClockSecuritySystemEnable: (2)

  18 > _CLK_ClockSecuritySytemDeglitchCmd: (2)

  19 > _CLK_DeInit: (2)

  20 > _CLK_GetFlagStatus: (5)

  21 > _CLK_GetITStatus: (4)

  22 > _CLK_GetSYSCLKSource: (2)

  23 > _CLK_HSEConfig: (2)

  24 > _CLK_HaltConfig: (4)

  25 > _CLK_ITConfig: (4)

  26 > _CLK_LSEClockSecuritySystemEnable: (2)

  27 > _CLK_LSEConfig: (2)

  28 > _CLK_LSICmd: (2)

  29 > _CLK_MainRegulatorCmd: (2)

  30 > _CLK_RTCCLKSwitchOnLSEFailureEnable: (2)

  31 > _CLK_RTCClockConfig: (4)

  32 > _EXTI_DeInit: (2)

  33 > _EXTI_GetITStatus: (5)

  34 > _EXTI_GetPinSensitivity: (3)

  35 > _EXTI_GetPortSensitivity: (4)

  36 > _EXTI_SelectPort: (3)

  37 > _EXTI_SetHalfPortSelection: (4)

  38 > _EXTI_SetPortSensitivity: (4)

  39 > _GPIO_DeInit: (2)

  40 > _GPIO_ExternalPullUpConfig: (6)

  41 > _GPIO_ReadInputData: (2)

  42 > _GPIO_ReadOutputData: (2)

  43 > _GPIO_ReadOutputDataBit: (5)

  44 > _GPIO_ResetBits: (5)

  45 > _GPIO_SetBits: (5)

  46 > _GPIO_ToggleBits: (5)

  47 > _GPIO_Write: (5)

  48 > _GPIO_WriteBit: (6)

  49 > _I2C_ARPCmd: (5)

  50 > _I2C_AckPositionConfig: (5)

  51 > _I2C_CalculatePEC: (5)

  52 > _I2C_ClearITPendingBit: (8)

  53 > _I2C_DMACmd: (5)

  54 > _I2C_DMALastTransferCmd: (5)

  55 > _I2C_DualAddressCmd: (5)

  56 > _I2C_FastModeDutyCycleConfig: (5)

  57 > _I2C_GeneralCallCmd: (5)

  58 > _I2C_GetITStatus: (10)

  59 > _I2C_GetLastEvent: (10)

  60 > _I2C_GetPEC: (2)

  61 > _I2C_ITConfig: (7)

  62 > _I2C_OwnAddress2Config: (6)

  63 > _I2C_PECPositionConfig: (5)

  64 > _I2C_ReadRegister: (9)

  65 > _I2C_SMBusAlertConfig: (5)

  66 > _I2C_SoftwareResetCmd: (5)

  67 > _I2C_StretchClockCmd: (5)

  68 > _I2C_TransmitPEC: (5)

  69 > _M24LR04E_GetStatus: (6)
  70      + _I2C_AcknowledgeConfig: (5)
  71      + _I2C_CheckEvent: (12)
  72      + _I2C_ClearFlag: (8)
  73      + _I2C_GenerateSTART: (5)
  74      + _I2C_GetFlagStatus: (8)
  75      + _I2C_Send7bitAddress: (6)
       
  76 > _M24LR04E_ReadBuffer: (12)
  77      + _I2C_AcknowledgeConfig --> 70
  78      + _I2C_CheckEvent --> 71
  79      + _I2C_GenerateSTART --> 73
  80      + _I2C_GenerateSTOP: (5)
  81      + _I2C_GetFlagStatus --> 74
  82      + _I2C_ReceiveData: (2)
  83      + _I2C_Send7bitAddress --> 75
  84      + _I2C_SendData: (5)
       
  85 > _M24LR04E_ReadConfReg: (3)
  86      + _I2C_AcknowledgeConfig --> 70
  87      + _I2C_CheckEvent --> 71
  88      + _I2C_GenerateSTART --> 73
  89      + _I2C_GenerateSTOP --> 80
  90      + _I2C_GetFlagStatus --> 74
  91      + _I2C_ReceiveData --> 82
  92      + _I2C_Send7bitAddress --> 75
  93      + _I2C_SendData --> 84
       
  94 > _M24LR04E_ReadOneByte: (11)
  95      + _I2C_AcknowledgeConfig --> 70
  96      + _I2C_CheckEvent --> 71
  97      + _I2C_GenerateSTART --> 73
  98      + _I2C_GenerateSTOP --> 80
  99      + _I2C_GetFlagStatus --> 74
 100      + _I2C_ReceiveData --> 82
 101      + _I2C_Send7bitAddress --> 75
 102      + _I2C_SendData --> 84
       
 103 > _M24LR04E_ReadReg: (5)
 104      + _I2C_AcknowledgeConfig --> 70
 105      + _I2C_CheckEvent --> 71
 106      + _I2C_GenerateSTART --> 73
 107      + _I2C_GenerateSTOP --> 80
 108      + _I2C_GetFlagStatus --> 74
 109      + _I2C_ReceiveData --> 82
 110      + _I2C_Send7bitAddress --> 75
 111      + _I2C_SendData --> 84
       
 112 > _M24LR04E_ReadTemp: (4)
 113      + _I2C_AcknowledgeConfig --> 70
 114      + _I2C_CheckEvent --> 71
 115      + _I2C_GenerateSTART --> 73
 116      + _I2C_GenerateSTOP --> 80
 117      + _I2C_GetFlagStatus --> 74
 118      + _I2C_ReceiveData --> 82
 119      + _I2C_Send7bitAddress --> 75
 120      + _I2C_SendData --> 84
       
 121 > _M24LR04E_WriteBuffer: (13)
 122      + _I2C_CheckEvent --> 71
 123      + _I2C_GenerateSTART --> 73
 124      + _I2C_GenerateSTOP --> 80
 125      + _I2C_Send7bitAddress --> 75
 126      + _I2C_SendData --> 84
       
 127 > _M24LR04E_WriteConfReg: (3)
 128      + _I2C_CheckEvent --> 71
 129      + _I2C_GenerateSTART --> 73
 130      + _I2C_GenerateSTOP --> 80
 131      + _I2C_Send7bitAddress --> 75
 132      + _I2C_SendData --> 84
       
 133 > _M24LR04E_WriteReg: (5)
 134      + _I2C_CheckEvent --> 71
 135      + _I2C_GenerateSTART --> 73
 136      + _I2C_GenerateSTOP --> 80
 137      + _I2C_Send7bitAddress --> 75
 138      + _I2C_SendData --> 84
       
 139 > __stext: (0)

 140 > _delayLFO_ms: (4)
 141      + _CLK_HSICmd: (2)
 142      + _CLK_SYSCLKDivConfig: (2)
 143      + _CLK_SYSCLKSourceConfig: (2)
 144      + _CLK_SYSCLKSourceSwitchCmd: (2)
 145      + _delay_ms: (4)
 146      |    + _CLK_PeripheralClockConfig: (5)
          | 
       
 147 > _main: (2)
 148      + _CLK_SYSCLKDivConfig --> 142
 149      + _CLK_SYSCLKSourceConfig --> 143
 150      + _EXTI_SetPinSensitivity: (4)
 151      + _GPIO_Init: (6)
 152      + _deInitClock: (2)
 153      |    + _CLK_PeripheralClockConfig --> 146
          | 
 154      + _deInitGPIO: (2)
 155      |    + _GPIO_Init --> 151
          | 
 156      + _initAnalogControls: (2)
 157      |    + _GPIO_Init --> 151
          | 
 158      + _initDigitalControls: (2)
 159      |    + _GPIO_Init --> 151
          | 
 160      + _initMemory: (2)
 161      |    + _writeEEPROMByte: (4)
 162      |    |    + _M24LR04E_DeInit: (2)
 163      |    |    |    + L3_M24LR04E_LowLevel_DeInit: (2)
 164      |    |    |    |    + _CLK_PeripheralClockConfig --> 146
 165      |    |    |    |    + _GPIO_Init --> 151
 166      |    |    |    |    + _I2C_Cmd: (5)
 167      |    |    |    |    + _I2C_DeInit: (2)
          |    |    |    | 
          |    |    | 
 168      |    |    + _M24LR04E_Init: (2)
 169      |    |    |    + L5_M24LR04E_LowLevel_Init: (2)
 170      |    |    |    |    + _CLK_PeripheralClockConfig --> 146
          |    |    |    | 
 171      |    |    |    + _I2C_Cmd --> 166
 172      |    |    |    + _I2C_DeInit --> 167
 173      |    |    |    + _I2C_Init: (26)
 174      |    |    |    |    + _CLK_GetClockFreq: (11)
          |    |    |    | 
          |    |    | 
 175      |    |    + _M24LR04E_WriteOneByte: (10)
 176      |    |    |    + _I2C_CheckEvent --> 71
 177      |    |    |    + _I2C_GenerateSTART --> 73
 178      |    |    |    + _I2C_GenerateSTOP --> 80
 179      |    |    |    + _I2C_Send7bitAddress --> 75
 180      |    |    |    + _I2C_SendData --> 84
          |    |    | 
 181      |    |    + _delay_10us: (4)
 182      |    |    |    + _CLK_PeripheralClockConfig --> 146
          |    |    | 
          |    | 
          | 
       
 183 > f_ADC1_COMP_IRQHandler: (6)

 184 > f_DMA1_CHANNEL0_1_IRQHandler: (6)

 185 > f_DMA1_CHANNEL2_3_IRQHandler: (6)

 186 > f_EXTI0_IRQHandler: (12)
 187      + _EXTI_ClearITPendingBit: (6)
 188      + _readControlData: (4)
 189      |    + _GPIO_ReadInputDataBit: (5)
 190      |    + _sampleADC: (3)
 191      |    |    + _ADC_ChannelCmd: (8)
 192      |    |    + _ADC_Cmd: (5)
 193      |    |    + _ADC_DeInit: (2)
 194      |    |    + _ADC_GetConversionValue: (6)
 195      |    |    + _ADC_GetFlagStatus: (6)
 196      |    |    + _ADC_Init: (7)
 197      |    |    + _ADC_SamplingTimeConfig: (6)
 198      |    |    + _ADC_SoftwareStartConv: (2)
 199      |    |    + _ADC_VrefintCmd: (2)
 200      |    |    + _CLK_PeripheralClockConfig --> 146
 201      |    |    + _delay_10us --> 181
          |    | 
 202      |    + _writeControlData: (2)
 203      |    |    + _writeEEPROMByte --> 161
          |    | 
          | 
       
 204 > f_EXTI1_IRQHandler: (6)

 205 > f_EXTI2_IRQHandler: (6)

 206 > f_EXTI3_IRQHandler: (6)

 207 > f_EXTI4_IRQHandler: (6)

 208 > f_EXTI5_IRQHandler: (6)

 209 > f_EXTI6_IRQHandler: (6)

 210 > f_EXTI7_IRQHandler: (6)

 211 > f_EXTIB_IRQHandler: (6)

 212 > f_EXTID_IRQHandler: (6)

 213 > f_EXTIE_F_PVD_IRQHandler: (6)

 214 > f_FLASH_IRQHandler: (6)

 215 > f_I2C1_IRQHandler: (6)

 216 > f_LCD_IRQHandler: (6)

 217 > f_NonHandledInterrupt: (6)

 218 > f_RTC_IRQHandler: (6)

 219 > f_SPI1_IRQHandler: (6)

 220 > f_SWITCH_CSS_BREAK_DAC_IRQHandler: (6)

 221 > f_TIM1_CAP_IRQHandler: (6)

 222 > f_TIM1_UPD_OVF_TRG_COM_IRQHandler: (6)

 223 > f_TIM2_CAP_IRQHandler: (6)

 224 > f_TIM2_UPD_OVF_TRG_BRK_IRQHandler: (6)

 225 > f_TIM3_CAP_IRQHandler: (6)

 226 > f_TIM3_UPD_OVF_TRG_BRK_IRQHandler: (6)

 227 > f_TIM4_UPD_OVF_TRG_IRQHandler: (6)

 228 > f_TRAP_IRQHandler: (6)

 229 > f_USART1_RX_IRQHandler: (6)

 230 > f_USART1_TX_IRQHandler: (6)

 231   L3_M24LR04E_LowLevel_DeInit --> 163

 232   L5_M24LR04E_LowLevel_Init --> 169

 233   _ADC_ChannelCmd --> 191

 234   _ADC_Cmd --> 192

 235   _ADC_DeInit --> 193

 236   _ADC_GetConversionValue --> 194

 237   _ADC_GetFlagStatus --> 195

 238   _ADC_Init --> 196

 239   _ADC_SamplingTimeConfig --> 197

 240   _ADC_SoftwareStartConv --> 198

 241   _ADC_VrefintCmd --> 199

 242   _CLK_GetClockFreq --> 174

 243   _CLK_HSICmd --> 141

 244   _CLK_PeripheralClockConfig --> 146

 245   _CLK_SYSCLKDivConfig --> 142

 246   _CLK_SYSCLKSourceConfig --> 143

 247   _CLK_SYSCLKSourceSwitchCmd --> 144

 248   _EXTI_ClearITPendingBit --> 187

 249   _EXTI_SetPinSensitivity --> 150

 250   _GPIO_Init --> 151

 251   _GPIO_ReadInputDataBit --> 189

 252   _I2C_AcknowledgeConfig --> 70

 253   _I2C_CheckEvent --> 71

 254   _I2C_ClearFlag --> 72

 255   _I2C_Cmd --> 166

 256   _I2C_DeInit --> 167

 257   _I2C_GenerateSTART --> 73

 258   _I2C_GenerateSTOP --> 80

 259   _I2C_GetFlagStatus --> 74

 260   _I2C_Init --> 173

 261   _I2C_ReceiveData --> 82

 262   _I2C_Send7bitAddress --> 75

 263   _I2C_SendData --> 84

 264   _M24LR04E_DeInit --> 162

 265   _M24LR04E_Init --> 168

 266   _M24LR04E_WriteOneByte --> 175

 267   _deInitClock --> 152

 268   _deInitGPIO --> 154

 269   _delay_10us --> 181

 270   _delay_ms --> 145

 271   _initAnalogControls --> 156

 272   _initDigitalControls --> 158

 273   _initMemory --> 160

 274   _readControlData --> 188

 275   _sampleADC --> 190

 276   _writeControlData --> 202

 277   _writeEEPROMByte --> 161



                               -------
                               Symbols
                               -------

_ADC_AnalogWatchdogChannelSelect      00008231   defined in Debug\stm8l15x_adc.o section .text
_ADC_AnalogWatchdogConfig             0000825b   defined in Debug\stm8l15x_adc.o section .text
_ADC_AnalogWatchdogThresholdsConfig   00008240   defined in Debug\stm8l15x_adc.o section .text
_ADC_ChannelCmd                       00008125   defined in Debug\stm8l15x_adc.o section .text
                                                 used in Debug\vcc_measure.o
                                                         Debug\main.o
_ADC_ClearFlag                        00008297   defined in Debug\stm8l15x_adc.o section .text
_ADC_ClearITPendingBit                000082d7   defined in Debug\stm8l15x_adc.o section .text
_ADC_Cmd                              00008153   defined in Debug\stm8l15x_adc.o section .text
                                                 used in Debug\vcc_measure.o
                                                         Debug\main.o
_ADC_DMACmd                           0000817a   defined in Debug\stm8l15x_adc.o section .text
_ADC_DeInit                           000080e4   defined in Debug\stm8l15x_adc.o section .text
                                                 used in Debug\vcc_measure.o
                                                         Debug\main.o
_ADC_ExternalTrigConfig               00008209   defined in Debug\stm8l15x_adc.o section .text
_ADC_GetConversionValue               0000821a   defined in Debug\stm8l15x_adc.o section .text
                                                 used in Debug\vcc_measure.o
                                                         Debug\main.o
_ADC_GetFlagStatus                    00008282   defined in Debug\stm8l15x_adc.o section .text
                                                 used in Debug\vcc_measure.o
                                                         Debug\main.o
_ADC_GetITStatus                      000082a1   defined in Debug\stm8l15x_adc.o section .text
_ADC_ITConfig                         00008166   defined in Debug\stm8l15x_adc.o section .text
_ADC_Init                             0000810c   defined in Debug\stm8l15x_adc.o section .text
                                                 used in Debug\vcc_measure.o
                                                         Debug\main.o
_ADC_SamplingTimeConfig               000081b2   defined in Debug\stm8l15x_adc.o section .text
                                                 used in Debug\vcc_measure.o
                                                         Debug\main.o
_ADC_SchmittTriggerConfig             000081db   defined in Debug\stm8l15x_adc.o section .text
                                                 used in Debug\vcc_measure.o
_ADC_SoftwareStartConv                000081ad   defined in Debug\stm8l15x_adc.o section .text
                                                 used in Debug\vcc_measure.o
                                                         Debug\main.o
_ADC_Supply                           ********   *** removed from Debug\vcc_measure.o ***
_ADC_TempSensorCmd                    00008191   defined in Debug\stm8l15x_adc.o section .text
_ADC_VrefintCmd                       0000819f   defined in Debug\stm8l15x_adc.o section .text
                                                 used in Debug\vcc_measure.o
                                                         Debug\main.o
_CLK_AdjustHSICalibrationValue        00008349   defined in Debug\stm8l15x_clk.o section .text
_CLK_BEEPClockConfig                  00008485   defined in Debug\stm8l15x_clk.o section .text
_CLK_CCOConfig                        00008473   defined in Debug\stm8l15x_clk.o section .text
_CLK_ClearFlag                        000085f2   defined in Debug\stm8l15x_clk.o section .text
_CLK_ClearITPendingBit                0000863c   defined in Debug\stm8l15x_clk.o section .text
_CLK_ClockSecuritySystemEnable        0000839b   defined in Debug\stm8l15x_clk.o section .text
_CLK_ClockSecuritySytemDeglitchCmd    000083a0   defined in Debug\stm8l15x_clk.o section .text
_CLK_DeInit                           000082fa   defined in Debug\stm8l15x_clk.o section .text
_CLK_GetClockFreq                     000083ae   defined in Debug\stm8l15x_clk.o section .text
                                                 used in Debug\stm8l15x_i2c.o
_CLK_GetFlagStatus                    0000855d   defined in Debug\stm8l15x_clk.o section .text
_CLK_GetITStatus                      000085f7   defined in Debug\stm8l15x_clk.o section .text
_CLK_GetSYSCLKSource                  00008397   defined in Debug\stm8l15x_clk.o section .text
_CLK_HSEConfig                        00008363   defined in Debug\stm8l15x_clk.o section .text
_CLK_HSICmd                           0000833b   defined in Debug\stm8l15x_clk.o section .text
                                                 used in Debug\delay.o
_CLK_HaltConfig                       00008536   defined in Debug\stm8l15x_clk.o section .text
_CLK_ITConfig                         00008433   defined in Debug\stm8l15x_clk.o section .text
_CLK_LSEClockSecuritySystemEnable     0000864d   defined in Debug\stm8l15x_clk.o section .text
_CLK_LSEConfig                        00008372   defined in Debug\stm8l15x_clk.o section .text
_CLK_LSICmd                           00008355   defined in Debug\stm8l15x_clk.o section .text
                                                 used in Debug\vcc_measure.o
_CLK_MainRegulatorCmd                 0000854f   defined in Debug\stm8l15x_clk.o section .text
_CLK_PeripheralClockConfig            00008489   defined in Debug\stm8l15x_clk.o section .text
                                                 used in Debug\vcc_measure.o
                                                         Debug\delay.o
                                                         Debug\i2c_m24lr04e-r.o
                                                         Debug\i2c_stts751.o
                                                         Debug\main.o
_CLK_RTCCLKSwitchOnLSEFailureEnable   00008652   defined in Debug\stm8l15x_clk.o section .text
_CLK_RTCClockConfig                   0000847c   defined in Debug\stm8l15x_clk.o section .text
                                                 used in Debug\vcc_measure.o
_CLK_SYSCLKDivConfig                  00008385   defined in Debug\stm8l15x_clk.o section .text
                                                 used in Debug\delay.o
                                                         Debug\main.o
_CLK_SYSCLKSourceConfig               00008381   defined in Debug\stm8l15x_clk.o section .text
                                                 used in Debug\delay.o
                                                         Debug\main.o
_CLK_SYSCLKSourceSwitchCmd            00008389   defined in Debug\stm8l15x_clk.o section .text
                                                 used in Debug\delay.o
_EXTI_ClearITPendingBit               00008956   defined in Debug\stm8l15x_exti.o section .text
                                                 used in Debug\stm8l15x_it.o
_EXTI_DeInit                          00008657   defined in Debug\stm8l15x_exti.o section .text
_EXTI_GetITStatus                     0000892f   defined in Debug\stm8l15x_exti.o section .text
_EXTI_GetPinSensitivity               000088ac   defined in Debug\stm8l15x_exti.o section .text
_EXTI_GetPortSensitivity              0000887a   defined in Debug\stm8l15x_exti.o section .text
_EXTI_SelectPort                      000087fe   defined in Debug\stm8l15x_exti.o section .text
_EXTI_SetHalfPortSelection            0000883e   defined in Debug\stm8l15x_exti.o section .text
_EXTI_SetPinSensitivity               000086d4   defined in Debug\stm8l15x_exti.o section .text
                                                 used in Debug\main.o
_EXTI_SetPortSensitivity              00008678   defined in Debug\stm8l15x_exti.o section .text
_FLASH_CR2                            00005051   defined in Debug\main.o
_FLASH_DeInit                         ********   *** removed from Debug\stm8l15x_flash.o ***
_FLASH_EraseBlock                     ********   *** removed from Debug\stm8l15x_flash.o ***
_FLASH_EraseByte                      ********   *** removed from Debug\stm8l15x_flash.o ***
_FLASH_EraseOptionByte                ********   *** removed from Debug\stm8l15x_flash.o ***
_FLASH_GetBootSize                    ********   *** removed from Debug\stm8l15x_flash.o ***
_FLASH_GetCodeSize                    ********   *** removed from Debug\stm8l15x_flash.o ***
_FLASH_GetFlagStatus                  ********   *** removed from Debug\stm8l15x_flash.o ***
_FLASH_GetPowerStatus                 ********   *** removed from Debug\stm8l15x_flash.o ***
_FLASH_GetProgrammingTime             ********   *** removed from Debug\stm8l15x_flash.o ***
_FLASH_GetReadOutProtectionStatus     ********   *** removed from Debug\stm8l15x_flash.o ***
_FLASH_IAPSR                          00005054   defined in Debug\main.o
_FLASH_ITConfig                       ********   *** removed from Debug\stm8l15x_flash.o ***
_FLASH_Lock                           ********   *** removed from Debug\stm8l15x_flash.o ***
_FLASH_NCR2                           000017ff   defined in Debug\main.o
_FLASH_PowerRunModeConfig             ********   *** removed from Debug\stm8l15x_flash.o ***
_FLASH_PowerWaitModeConfig            ********   *** removed from Debug\stm8l15x_flash.o ***
_FLASH_ProgramBlock                   ********   *** removed from Debug\stm8l15x_flash.o ***
_FLASH_ProgramByte                    ********   *** removed from Debug\stm8l15x_flash.o ***
_FLASH_ProgramOptionByte              ********   *** removed from Debug\stm8l15x_flash.o ***
_FLASH_ProgramWord                    ********   *** removed from Debug\stm8l15x_flash.o ***
_FLASH_ReadByte                       ********   *** removed from Debug\stm8l15x_flash.o ***
_FLASH_SetProgrammingTime             ********   *** removed from Debug\stm8l15x_flash.o ***
_FLASH_Unlock                         ********   *** removed from Debug\stm8l15x_flash.o ***
_FLASH_WaitForLastOperation           ********   *** removed from Debug\stm8l15x_flash.o ***
_GPIO_DeInit                          0000897a   defined in Debug\stm8l15x_gpio.o section .text
_GPIO_ExternalPullUpConfig            00008a2e   defined in Debug\stm8l15x_gpio.o section .text
_GPIO_Init                            00008982   defined in Debug\stm8l15x_gpio.o section .text
                                                 used in Debug\vcc_measure.o
                                                         Debug\i2c_m24lr04e-r.o
                                                         Debug\main.o
_GPIO_LowPower_Config                 ********   *** removed from Debug\vcc_measure.o ***
_GPIO_ReadInputData                   00008a1c   defined in Debug\stm8l15x_gpio.o section .text
_GPIO_ReadInputDataBit                00008a21   defined in Debug\stm8l15x_gpio.o section .text
                                                 used in Debug\main.o
_GPIO_ReadOutputData                  00008a1f   defined in Debug\stm8l15x_gpio.o section .text
_GPIO_ReadOutputDataBit               00008a28   defined in Debug\stm8l15x_gpio.o section .text
_GPIO_ResetBits                       00008a0d   defined in Debug\stm8l15x_gpio.o section .text
_GPIO_SetBits                         00008a06   defined in Debug\stm8l15x_gpio.o section .text
_GPIO_ToggleBits                      00008a15   defined in Debug\stm8l15x_gpio.o section .text
_GPIO_Write                           000089ea   defined in Debug\stm8l15x_gpio.o section .text
_GPIO_WriteBit                        000089f2   defined in Debug\stm8l15x_gpio.o section .text
_Halt_Init                            ********   *** removed from Debug\vcc_measure.o ***
_I2C_ARPCmd                           00008c9e   defined in Debug\stm8l15x_i2c.o section .text
_I2C_AckPositionConfig                00008cfc   defined in Debug\stm8l15x_i2c.o section .text
                                                 used in Debug\i2c_stts751.o
_I2C_AcknowledgeConfig                00008cb1   defined in Debug\stm8l15x_i2c.o section .text
                                                 used in Debug\i2c_m24lr04e-r.o
                                                         Debug\i2c_stts751.o
_I2C_CalculatePEC                     00008d48   defined in Debug\stm8l15x_i2c.o section .text
_I2C_CheckEvent                       00008dbb   defined in Debug\stm8l15x_i2c.o section .text
                                                 used in Debug\i2c_m24lr04e-r.o
                                                         Debug\i2c_stts751.o
_I2C_ClearFlag                        00008e84   defined in Debug\stm8l15x_i2c.o section .text
                                                 used in Debug\i2c_m24lr04e-r.o
_I2C_ClearITPendingBit                00008efa   defined in Debug\stm8l15x_i2c.o section .text
_I2C_Cmd                              00008bda   defined in Debug\stm8l15x_i2c.o section .text
                                                 used in Debug\i2c_m24lr04e-r.o
                                                         Debug\i2c_stts751.o
_I2C_DMACmd                           00008c05   defined in Debug\stm8l15x_i2c.o section .text
_I2C_DMALastTransferCmd               00008c1c   defined in Debug\stm8l15x_i2c.o section .text
_I2C_DeInit                           00008a46   defined in Debug\stm8l15x_i2c.o section .text
                                                 used in Debug\i2c_m24lr04e-r.o
                                                         Debug\i2c_stts751.o
_I2C_DualAddressCmd                   00008ce5   defined in Debug\stm8l15x_i2c.o section .text
_I2C_FastModeDutyCycleConfig          00008d5b   defined in Debug\stm8l15x_i2c.o section .text
_I2C_GeneralCallCmd                   00008c33   defined in Debug\stm8l15x_i2c.o section .text
_I2C_GenerateSTART                    00008c46   defined in Debug\stm8l15x_i2c.o section .text
                                                 used in Debug\i2c_m24lr04e-r.o
                                                         Debug\i2c_stts751.o
_I2C_GenerateSTOP                     00008c5d   defined in Debug\stm8l15x_i2c.o section .text
                                                 used in Debug\i2c_m24lr04e-r.o
                                                         Debug\i2c_stts751.o
_I2C_GetFlagStatus                    00008e46   defined in Debug\stm8l15x_i2c.o section .text
                                                 used in Debug\i2c_m24lr04e-r.o
                                                         Debug\i2c_stts751.o
_I2C_GetITStatus                      00008e9c   defined in Debug\stm8l15x_i2c.o section .text
_I2C_GetLastEvent                     00008e0f   defined in Debug\stm8l15x_i2c.o section .text
_I2C_GetPEC                           00008d9b   defined in Debug\stm8l15x_i2c.o section .text
_I2C_ITConfig                         00008bed   defined in Debug\stm8l15x_i2c.o section .text
_I2C_Init                             00008a5c   defined in Debug\stm8l15x_i2c.o section .text
                                                 used in Debug\i2c_m24lr04e-r.o
                                                         Debug\i2c_stts751.o
_I2C_OwnAddress2Config                00008cc8   defined in Debug\stm8l15x_i2c.o section .text
_I2C_PECPositionConfig                00008d0b   defined in Debug\stm8l15x_i2c.o section .text
_I2C_ReadRegister                     00008d9e   defined in Debug\stm8l15x_i2c.o section .text
_I2C_ReceiveData                      00008d74   defined in Debug\stm8l15x_i2c.o section .text
                                                 used in Debug\i2c_m24lr04e-r.o
                                                         Debug\i2c_stts751.o
_I2C_SMBusAlertConfig                 00008d1a   defined in Debug\stm8l15x_i2c.o section .text
_I2C_SS_BufferRead                    ********   *** removed from Debug\i2c_stts751.o ***
_I2C_SS_Config                        ********   *** removed from Debug\i2c_stts751.o ***
_I2C_SS_Init                          ********   *** removed from Debug\i2c_stts751.o ***
_I2C_SS_ReadOneByte                   ********   *** removed from Debug\i2c_stts751.o ***
_I2C_Send7bitAddress                  00008d77   defined in Debug\stm8l15x_i2c.o section .text
                                                 used in Debug\i2c_m24lr04e-r.o
                                                         Debug\i2c_stts751.o
_I2C_SendData                         00008d92   defined in Debug\stm8l15x_i2c.o section .text
                                                 used in Debug\i2c_m24lr04e-r.o
                                                         Debug\i2c_stts751.o
_I2C_SoftwareResetCmd                 00008c74   defined in Debug\stm8l15x_i2c.o section .text
_I2C_StretchClockCmd                  00008c8b   defined in Debug\stm8l15x_i2c.o section .text
_I2C_TransmitPEC                      00008d31   defined in Debug\stm8l15x_i2c.o section .text
_LCD_BlinkConfig                      ********   *** removed from Debug\stm8l15x_lcd.o ***
_LCD_ClearFlag                        ********   *** removed from Debug\stm8l15x_lcd.o ***
_LCD_ClearITPendingBit                ********   *** removed from Debug\stm8l15x_lcd.o ***
_LCD_Cmd                              ********   *** removed from Debug\stm8l15x_lcd.o ***
_LCD_ContrastConfig                   ********   *** removed from Debug\stm8l15x_lcd.o ***
_LCD_DeInit                           ********   *** removed from Debug\stm8l15x_lcd.o ***
_LCD_DeadTimeConfig                   ********   *** removed from Debug\stm8l15x_lcd.o ***
_LCD_GetFlagStatus                    ********   *** removed from Debug\stm8l15x_lcd.o ***
_LCD_GetITStatus                      ********   *** removed from Debug\stm8l15x_lcd.o ***
_LCD_HighDriveCmd                     ********   *** removed from Debug\stm8l15x_lcd.o ***
_LCD_ITConfig                         ********   *** removed from Debug\stm8l15x_lcd.o ***
_LCD_Init                             ********   *** removed from Debug\stm8l15x_lcd.o ***
_LCD_PageSelect                       ********   *** removed from Debug\stm8l15x_lcd.o ***
_LCD_PortMaskConfig                   ********   *** removed from Debug\stm8l15x_lcd.o ***
_LCD_PulseOnDurationConfig            ********   *** removed from Debug\stm8l15x_lcd.o ***
_LCD_WriteRAM                         ********   *** removed from Debug\stm8l15x_lcd.o ***
_M24LR04E_DeInit                      00008fd1   defined in Debug\i2c_m24lr04e-r.o section .text
                                                 used in Debug\main.o
_M24LR04E_GetStatus                   00009002   defined in Debug\i2c_m24lr04e-r.o section .text
_M24LR04E_Init                        00008fd5   defined in Debug\i2c_m24lr04e-r.o section .text
                                                 used in Debug\main.o
_M24LR04E_ReadBuffer                  000095b1   defined in Debug\i2c_m24lr04e-r.o section .text
_M24LR04E_ReadConfReg                 0000983d   defined in Debug\i2c_m24lr04e-r.o section .text
_M24LR04E_ReadOneByte                 00009209   defined in Debug\i2c_m24lr04e-r.o section .text
_M24LR04E_ReadReg                     000090af   defined in Debug\i2c_m24lr04e-r.o section .text
_M24LR04E_ReadTemp                    00009765   defined in Debug\i2c_m24lr04e-r.o section .text
_M24LR04E_WriteBuffer                 0000949b   defined in Debug\i2c_m24lr04e-r.o section .text
_M24LR04E_WriteConfReg                000098ed   defined in Debug\i2c_m24lr04e-r.o section .text
_M24LR04E_WriteOneByte                0000939b   defined in Debug\i2c_m24lr04e-r.o section .text
                                                 used in Debug\main.o
_M24LR04E_WriteReg                    00009185   defined in Debug\i2c_m24lr04e-r.o section .text
_PWR_DeInit                           ********   *** removed from Debug\stm8l15x_pwr.o ***
_PWR_FastWakeUpCmd                    ********   *** removed from Debug\stm8l15x_pwr.o ***
_PWR_GetFlagStatus                    ********   *** removed from Debug\stm8l15x_pwr.o ***
_PWR_PVDClearFlag                     ********   *** removed from Debug\stm8l15x_pwr.o ***
_PWR_PVDClearITPendingBit             ********   *** removed from Debug\stm8l15x_pwr.o ***
_PWR_PVDCmd                           ********   *** removed from Debug\stm8l15x_pwr.o ***
_PWR_PVDGetITStatus                   ********   *** removed from Debug\stm8l15x_pwr.o ***
_PWR_PVDITConfig                      ********   *** removed from Debug\stm8l15x_pwr.o ***
_PWR_PVDLevelConfig                   ********   *** removed from Debug\stm8l15x_pwr.o ***
_PWR_UltraLowPowerCmd                 ********   *** removed from Debug\stm8l15x_pwr.o ***
_SYSDivFactor                         00008080   defined in Debug\stm8l15x_clk.o section .const
__endmem                              000005fe   defined in command file
                                                 *** not used ***
__endzp                               0000000c   defined in command file section .ubsct
                                                 used in C:\Program Files (x86)\COSMIC\CXSTM8_32K\lib\crtsi0.sm8
__idesc__                             00008091   defined in linker section .init
                                                 used in C:\Program Files (x86)\COSMIC\CXSTM8_32K\lib\crtsi0.sm8
__memory                              00000100   defined in command file section .bss
                                                 used in C:\Program Files (x86)\COSMIC\CXSTM8_32K\lib\crtsi0.sm8
__stack                               000007ff   defined in command file
                                                 used in C:\Program Files (x86)\COSMIC\CXSTM8_32K\lib\crtsi0.sm8
__startmem                            00000100   defined in command file section .DISPLAY
                                                 *** not used ***
__stext                               00008094   defined in C:\Program Files (x86)\COSMIC\CXSTM8_32K\lib\crtsi0.sm8 section .text
                                                 used in Debug\stm8_interrupt_vector.o
__vectab                              00008000   defined in Debug\stm8_interrupt_vector.o section .const
_deInitClock                          00009a2f   defined in Debug\main.o section .text
_deInitGPIO                           00009ab8   defined in Debug\main.o section .text
_delayLFO_ms                          00008f92   defined in Debug\delay.o section .text
_delay_10us                           00008f4f   defined in Debug\delay.o section .text
                                                 used in Debug\vcc_measure.o
                                                         Debug\main.o
_delay_ms                             00008f12   defined in Debug\delay.o section .text
_exit                                 000080e2   defined in C:\Program Files (x86)\COSMIC\CXSTM8_32K\lib\crtsi0.sm8 section .text
_initAnalogControls                   00009b06   defined in Debug\main.o section .text
_initDigitalControls                  00009b14   defined in Debug\main.o section .text
_initMemory                           00009a18   defined in Debug\main.o section .text
_itoa                                 ********   *** removed from Debug\misc.o ***
_main                                 00009b92   defined in Debug\main.o section .text
                                                 used in C:\Program Files (x86)\COSMIC\CXSTM8_32K\lib\crtsi0.sm8
_readControlData                      00009b22   defined in Debug\main.o section .text
                                                 used in Debug\stm8l15x_it.o
_sampleADC                            0000998b   defined in Debug\main.o section .text
_values                               00000000   defined in Debug\main.o section .ubsct
_writeControlData                     00009b6c   defined in Debug\main.o section .text
_writeEEPROMByte                      00009b74   defined in Debug\main.o section .text
c_cmulx                               ********   *** removed from (C:\Program Files (x86)\COSMIC\CXSTM8_32K\lib\libm0.sm8)cmulx.o ***
c_divsl                               00009d1d   defined in (C:\Program Files (x86)\COSMIC\CXSTM8_32K\lib\libm0.sm8)ldiv.o section .text
                                                 *** not used ***
c_divul                               00009d34   defined in (C:\Program Files (x86)\COSMIC\CXSTM8_32K\lib\libm0.sm8)ldiv.o section .text
                                                 used in (C:\Program Files (x86)\COSMIC\CXSTM8_32K\lib\libm0.sm8)ludiv.o
                                                         (C:\Program Files (x86)\COSMIC\CXSTM8_32K\lib\libm0.sm8)lumod.o
c_ladd                                ********   *** removed from (C:\Program Files (x86)\COSMIC\CXSTM8_32K\lib\libm0.sm8)ladd.o ***
c_lcmp                                00009c22   defined in (C:\Program Files (x86)\COSMIC\CXSTM8_32K\lib\libm0.sm8)lcmp.o section .text
                                                 used in Debug\stm8l15x_i2c.o
c_lgadd                               ********   *** removed from (C:\Program Files (x86)\COSMIC\CXSTM8_32K\lib\libm0.sm8)lgadd.o ***
c_lgneg                               00009e08   defined in (C:\Program Files (x86)\COSMIC\CXSTM8_32K\lib\libm0.sm8)lgneg.o section .text
                                                 used in (C:\Program Files (x86)\COSMIC\CXSTM8_32K\lib\libm0.sm8)ldiv.o
c_lgsbc                               00009c42   defined in (C:\Program Files (x86)\COSMIC\CXSTM8_32K\lib\libm0.sm8)lgsbc.o section .text
                                                 used in Debug\stm8l15x_flash.o
                                                         Debug\i2c_m24lr04e-r.o
                                                         Debug\i2c_stts751.o
c_lmul                                00009c58   defined in (C:\Program Files (x86)\COSMIC\CXSTM8_32K\lib\libm0.sm8)lmul.o section .text
                                                 used in Debug\stm8l15x_i2c.o
c_lmulc                               00009c60   defined in (C:\Program Files (x86)\COSMIC\CXSTM8_32K\lib\libm0.sm8)lmul.o section .text
                                                 *** not used ***
c_lneg                                00009e1b   defined in (C:\Program Files (x86)\COSMIC\CXSTM8_32K\lib\libm0.sm8)lneg.o section .text
                                                 used in (C:\Program Files (x86)\COSMIC\CXSTM8_32K\lib\libm0.sm8)ldiv.o
c_lreg                                00000002   defined in (C:\Program Files (x86)\COSMIC\CXSTM8_32K\lib\libm0.sm8)lreg.o section .ubsct
                                                 used in Debug\stm8l15x_clk.o
                                                         Debug\stm8l15x_flash.o
                                                         Debug\stm8l15x_i2c.o
                                                         Debug\misc.o
                                                         (C:\Program Files (x86)\COSMIC\CXSTM8_32K\lib\libm0.sm8)cmulx.o
                                                         (C:\Program Files (x86)\COSMIC\CXSTM8_32K\lib\libm0.sm8)ladd.o
                                                         (C:\Program Files (x86)\COSMIC\CXSTM8_32K\lib\libm0.sm8)lcmp.o
                                                         (C:\Program Files (x86)\COSMIC\CXSTM8_32K\lib\libm0.sm8)lgadd.o
                                                         (C:\Program Files (x86)\COSMIC\CXSTM8_32K\lib\libm0.sm8)lmul.o
                                                         (C:\Program Files (x86)\COSMIC\CXSTM8_32K\lib\libm0.sm8)lrzmp.o
                                                         (C:\Program Files (x86)\COSMIC\CXSTM8_32K\lib\libm0.sm8)ltor.o
                                                         (C:\Program Files (x86)\COSMIC\CXSTM8_32K\lib\libm0.sm8)ldiv.o
                                                         (C:\Program Files (x86)\COSMIC\CXSTM8_32K\lib\libm0.sm8)lneg.o
                                                         (C:\Program Files (x86)\COSMIC\CXSTM8_32K\lib\libm0.sm8)lumod.o
                                                         (C:\Program Files (x86)\COSMIC\CXSTM8_32K\lib\libm0.sm8)rtol.o
                                                         (C:\Program Files (x86)\COSMIC\CXSTM8_32K\lib\libm0.sm8)smul.o
                                                         (C:\Program Files (x86)\COSMIC\CXSTM8_32K\lib\libm0.sm8)utol.o
                                                         (C:\Program Files (x86)\COSMIC\CXSTM8_32K\lib\libm0.sm8)utolx.o
c_lrzmp                               00009ce3   defined in (C:\Program Files (x86)\COSMIC\CXSTM8_32K\lib\libm0.sm8)lrzmp.o section .text
                                                 used in Debug\i2c_m24lr04e-r.o
                                                         Debug\i2c_stts751.o
c_ltor                                00009cf7   defined in (C:\Program Files (x86)\COSMIC\CXSTM8_32K\lib\libm0.sm8)ltor.o section .text
                                                 used in Debug\stm8l15x_clk.o
                                                         Debug\stm8l15x_i2c.o
                                                         Debug\i2c_m24lr04e-r.o
                                                         Debug\i2c_stts751.o
                                                         Debug\misc.o
c_ludv                                00009d09   defined in (C:\Program Files (x86)\COSMIC\CXSTM8_32K\lib\libm0.sm8)ludiv.o section .text
                                                 used in Debug\stm8l15x_clk.o
                                                         Debug\stm8l15x_i2c.o
                                                         Debug\misc.o
c_lumd                                ********   *** removed from (C:\Program Files (x86)\COSMIC\CXSTM8_32K\lib\libm0.sm8)lumod.o ***
c_lzmp                                00009e30   defined in (C:\Program Files (x86)\COSMIC\CXSTM8_32K\lib\libm0.sm8)lzmp.o section .text
                                                 used in Debug\stm8l15x_flash.o
                                                         Debug\stm8l15x_i2c.o
                                                         Debug\i2c_m24lr04e-r.o
                                                         Debug\misc.o
c_rtol                                00009e43   defined in (C:\Program Files (x86)\COSMIC\CXSTM8_32K\lib\libm0.sm8)rtol.o section .text
                                                 used in Debug\stm8l15x_clk.o
                                                         Debug\stm8l15x_i2c.o
                                                         Debug\misc.o
c_sdivx                               00009e5b   defined in (C:\Program Files (x86)\COSMIC\CXSTM8_32K\lib\libm0.sm8)sdivx.o section .text
                                                 used in Debug\stm8l15x_i2c.o
c_smodx                               00009e55   defined in (C:\Program Files (x86)\COSMIC\CXSTM8_32K\lib\libm0.sm8)sdivx.o section .text
                                                 *** not used ***
c_smul                                00009e80   defined in (C:\Program Files (x86)\COSMIC\CXSTM8_32K\lib\libm0.sm8)smul.o section .text
                                                 used in Debug\stm8l15x_i2c.o
c_uitol                               00009ebf   defined in (C:\Program Files (x86)\COSMIC\CXSTM8_32K\lib\libm0.sm8)utol.o section .text
                                                 used in Debug\stm8l15x_i2c.o
c_uitolx                              ********   *** removed from (C:\Program Files (x86)\COSMIC\CXSTM8_32K\lib\libm0.sm8)utolx.o ***
c_x                                   00000006   defined in (C:\Program Files (x86)\COSMIC\CXSTM8_32K\lib\libm0.sm8)xreg.o section .ubsct
                                                 used in C:\Program Files (x86)\COSMIC\CXSTM8_32K\lib\crtsi0.sm8
                                                         Debug\stm8l15x_it.o
                                                         (C:\Program Files (x86)\COSMIC\CXSTM8_32K\lib\libm0.sm8)lmul.o
                                                         (C:\Program Files (x86)\COSMIC\CXSTM8_32K\lib\libm0.sm8)ldiv.o
                                                         (C:\Program Files (x86)\COSMIC\CXSTM8_32K\lib\libm0.sm8)sdivx.o
c_y                                   00000009   defined in (C:\Program Files (x86)\COSMIC\CXSTM8_32K\lib\libm0.sm8)yreg.o section .ubsct
                                                 used in C:\Program Files (x86)\COSMIC\CXSTM8_32K\lib\crtsi0.sm8
                                                         Debug\stm8l15x_it.o
f_ADC1_COMP_IRQHandler                00009c0a   defined in Debug\stm8l15x_it.o section .text
                                                 used in Debug\stm8_interrupt_vector.o
f_DMA1_CHANNEL0_1_IRQHandler          00009bc6   defined in Debug\stm8l15x_it.o section .text
                                                 used in Debug\stm8_interrupt_vector.o
f_DMA1_CHANNEL2_3_IRQHandler          00009bc8   defined in Debug\stm8l15x_it.o section .text
                                                 used in Debug\stm8_interrupt_vector.o
f_EXTI0_IRQHandler                    00009bd2   defined in Debug\stm8l15x_it.o section .text
                                                 used in Debug\stm8_interrupt_vector.o
f_EXTI1_IRQHandler                    00009bfa   defined in Debug\stm8l15x_it.o section .text
                                                 used in Debug\stm8_interrupt_vector.o
f_EXTI2_IRQHandler                    00009bfc   defined in Debug\stm8l15x_it.o section .text
                                                 used in Debug\stm8_interrupt_vector.o
f_EXTI3_IRQHandler                    00009bfe   defined in Debug\stm8l15x_it.o section .text
                                                 used in Debug\stm8_interrupt_vector.o
f_EXTI4_IRQHandler                    00009c00   defined in Debug\stm8l15x_it.o section .text
                                                 used in Debug\stm8_interrupt_vector.o
f_EXTI5_IRQHandler                    00009c02   defined in Debug\stm8l15x_it.o section .text
                                                 used in Debug\stm8_interrupt_vector.o
f_EXTI6_IRQHandler                    00009c04   defined in Debug\stm8l15x_it.o section .text
                                                 used in Debug\stm8_interrupt_vector.o
f_EXTI7_IRQHandler                    00009c05   defined in Debug\stm8l15x_it.o section .text
                                                 used in Debug\stm8_interrupt_vector.o
f_EXTIB_IRQHandler                    00009bce   defined in Debug\stm8l15x_it.o section .text
                                                 used in Debug\stm8_interrupt_vector.o
f_EXTID_IRQHandler                    00009bd0   defined in Debug\stm8l15x_it.o section .text
                                                 used in Debug\stm8_interrupt_vector.o
f_EXTIE_F_PVD_IRQHandler              00009bcc   defined in Debug\stm8l15x_it.o section .text
                                                 used in Debug\stm8_interrupt_vector.o
f_FLASH_IRQHandler                    00009bc4   defined in Debug\stm8l15x_it.o section .text
                                                 used in Debug\stm8_interrupt_vector.o
f_I2C1_IRQHandler                     00009c20   defined in Debug\stm8l15x_it.o section .text
                                                 used in Debug\stm8_interrupt_vector.o
f_LCD_IRQHandler                      00009c06   defined in Debug\stm8l15x_it.o section .text
                                                 used in Debug\stm8_interrupt_vector.o
f_NonHandledInterrupt                 00009bc0   defined in Debug\stm8l15x_it.o section .text
                                                 used in Debug\stm8_interrupt_vector.o
f_RTC_IRQHandler                      00009bca   defined in Debug\stm8l15x_it.o section .text
                                                 used in Debug\stm8_interrupt_vector.o
f_SPI1_IRQHandler                     00009c1a   defined in Debug\stm8l15x_it.o section .text
                                                 used in Debug\stm8_interrupt_vector.o
f_SWITCH_CSS_BREAK_DAC_IRQHandler     00009c08   defined in Debug\stm8l15x_it.o section .text
                                                 used in Debug\stm8_interrupt_vector.o
f_TIM1_CAP_IRQHandler                 00009c16   defined in Debug\stm8l15x_it.o section .text
                                                 used in Debug\stm8_interrupt_vector.o
f_TIM1_UPD_OVF_TRG_COM_IRQHandler     00009c14   defined in Debug\stm8l15x_it.o section .text
                                                 used in Debug\stm8_interrupt_vector.o
f_TIM2_CAP_IRQHandler                 00009c0e   defined in Debug\stm8l15x_it.o section .text
                                                 used in Debug\stm8_interrupt_vector.o
f_TIM2_UPD_OVF_TRG_BRK_IRQHandler     00009c0c   defined in Debug\stm8l15x_it.o section .text
                                                 used in Debug\stm8_interrupt_vector.o
f_TIM3_CAP_IRQHandler                 00009c12   defined in Debug\stm8l15x_it.o section .text
                                                 used in Debug\stm8_interrupt_vector.o
f_TIM3_UPD_OVF_TRG_BRK_IRQHandler     00009c10   defined in Debug\stm8l15x_it.o section .text
                                                 used in Debug\stm8_interrupt_vector.o
f_TIM4_UPD_OVF_TRG_IRQHandler         00009c18   defined in Debug\stm8l15x_it.o section .text
                                                 used in Debug\stm8_interrupt_vector.o
f_TRAP_IRQHandler                     00009bc2   defined in Debug\stm8l15x_it.o section .text
                                                 used in Debug\stm8_interrupt_vector.o
f_USART1_RX_IRQHandler                00009c1e   defined in Debug\stm8l15x_it.o section .text
                                                 used in Debug\stm8_interrupt_vector.o
f_USART1_TX_IRQHandler                00009c1c   defined in Debug\stm8l15x_it.o section .text
                                                 used in Debug\stm8_interrupt_vector.o
